---
source: crates/moonwave_shader/src/test.rs
expression: fs
---
layout (location = 0) in vec4 vs_var_9_0;
layout (location = 0) out vec4 f_color;
layout (location = 1) out vec4 f_normal;
void main() {
vec4 var_9_0 = vs_var_9_0;
vec4 var_6_0 = vec4(1.0000000,1.0000000,1.0000000,1.0000000);
f_normal = var_6_0;
f_color = var_9_0;
}

