---
source: crates/moonwave_shader/src/test.rs
expression: color_out.1
---
layout (location = 0) in vec4 vs_node_5_output;
layout (location = 0) out vec4 f_color;
layout (location = 1) out vec4 f_normal;
void main() {
  vec4 node_5_output = vs_node_5_output;
  f_color = node_5_output;

}

