---
source: crates/moonwave_shader/src/test.rs
expression: fs
---
layout (location = 0) out vec4 f_normal;
void main() {
vec4 var_6_0 = vec4(1.0000000,1.0000000,1.0000000,1.0000000);
f_normal = var_6_0;
}

